\BOOKMARK [1][-]{section.1}{\376\377\000I\000n\000t\000r\000o\000d\000u\000c\000t\000i\000o\000n}{}% 1
\BOOKMARK [2][-]{subsection.1.1}{\376\377\000R\000e\000s\000t\000a\000t\000e\000m\000e\000n\000t\000\040\000o\000f\000\040\000t\000h\000e\000\040\000P\000r\000o\000b\000l\000e\000m}{section.1}% 2
\BOOKMARK [2][-]{subsection.1.2}{\376\377\000L\000i\000t\000e\000r\000a\000t\000u\000r\000e\000\040\000R\000e\000v\000i\000e\000w}{section.1}% 3
\BOOKMARK [2][-]{subsection.1.3}{\376\377\000O\000u\000r\000\040\000W\000o\000r\000k}{section.1}% 4
\BOOKMARK [1][-]{section.2}{\376\377\000A\000s\000s\000u\000m\000p\000t\000i\000o\000n\000s\000\040\000a\000n\000d\000\040\000J\000u\000s\000t\000i\000f\000i\000c\000a\000t\000i\000o\000n}{}% 5
\BOOKMARK [1][-]{section.3}{\376\377\157\134\154\064\126\150\166\204\122\250\122\233\133\146\152\041\127\213}{}% 6
\BOOKMARK [1][-]{section.4}{\376\377\225\356\230\230\116\000\166\204\154\102\211\343}{}% 7
\BOOKMARK [2][-]{subsection.4.1}{\376\377\226\217\147\072\142\311\150\074\147\027\145\345\174\222\133\120\217\375\216\052\152\041\127\213}{section.4}% 8
\BOOKMARK [2][-]{subsection.4.2}{\376\377\127\372\116\216\204\231\162\171\123\141\155\033\152\041\142\337\166\204\116\015\170\156\133\232\140\047\152\041\127\213\136\372\172\313}{section.4}% 9
\BOOKMARK [2][-]{subsection.4.3}{\376\377\176\323\147\234\122\006\147\220}{section.4}% 10
\BOOKMARK [1][-]{section.5}{\376\377\225\356\230\230\116\214\154\102\211\343}{}% 11
\BOOKMARK [2][-]{subsection.5.1}{\376\377\142\020\147\054\116\016\145\110\166\312\122\006\147\220}{section.5}% 12
\BOOKMARK [1][-]{section.6}{\376\377\225\356\230\230\116\011\166\204\154\102\211\343}{}% 13
\BOOKMARK [2][-]{subsection.6.1}{\376\377\127\372\116\216\124\016\232\214\151\202\163\207\166\204\144\034\175\042\173\126\165\145}{section.6}% 14
\BOOKMARK [2][-]{subsection.6.2}{\376\377\144\034\145\121\215\357\137\204\211\304\122\022\152\041\127\213}{section.6}% 15
\BOOKMARK [1][-]{section.7}{\376\377\225\356\230\230\126\333\166\204\154\102\211\343}{}% 16
\BOOKMARK [2][-]{subsection.7.1}{\376\377\131\032\166\356\150\007\122\006\134\102\144\034\175\042\173\126\165\145}{section.7}% 17
\BOOKMARK [2][-]{subsection.7.2}{\376\377\152\041\127\213\166\204\143\250\136\177\116\016\136\224\165\050}{section.7}% 18
\BOOKMARK [1][-]{section.8}{\376\377\000S\000e\000n\000s\000i\000t\000i\000v\000i\000t\000y\000\040\000A\000n\000a\000l\000y\000s\000i\000s}{}% 19
\BOOKMARK [2][-]{subsection.8.1}{\376\377\155\013\155\101\166\204\160\165\145\117\140\047\122\006\147\220}{section.8}% 20
\BOOKMARK [2][-]{subsection.8.2}{\376\377\145\105\226\234\123\321\165\037\215\167\131\313\117\115\177\156\166\204\160\165\145\117\140\047\122\006\147\220}{section.8}% 21
\BOOKMARK [2][-]{subsection.8.3}{\376\377\131\051\154\024\166\204\160\165\145\117\140\047\122\006\147\220}{section.8}% 22
\BOOKMARK [1][-]{section.9}{\376\377\000M\000o\000d\000e\000l\000\040\000E\000v\000a\000l\000u\000a\000t\000i\000o\000n\000\040\000a\000n\000d\000\040\000F\000u\000r\000t\000h\000e\000r\000\040\000D\000i\000s\000c\000u\000s\000s\000i\000o\000n}{}% 23
\BOOKMARK [2][-]{subsection.9.1}{\376\377\000S\000t\000r\000e\000n\000g\000t\000h\000s}{section.9}% 24
\BOOKMARK [2][-]{subsection.9.2}{\376\377\000W\000e\000a\000k\000n\000e\000s\000s\000e\000s}{section.9}% 25
\BOOKMARK [1][-]{section.10}{\376\377\000C\000o\000n\000c\000l\000u\000s\000i\000o\000n}{}% 26
