\BOOKMARK [1][-]{section.1}{\376\377\000I\000n\000t\000r\000o\000d\000u\000c\000t\000i\000o\000n}{}% 1
\BOOKMARK [2][-]{subsection.1.1}{\376\377\000b\000a\000c\000k\000g\000r\000o\000u\000n\000d}{section.1}% 2
\BOOKMARK [2][-]{subsection.1.2}{\376\377\000R\000e\000s\000t\000a\000t\000e\000m\000e\000n\000t\000\040\000o\000f\000\040\000t\000h\000e\000\040\000P\000r\000o\000b\000l\000e\000m}{section.1}% 3
\BOOKMARK [2][-]{subsection.1.3}{\376\377\000L\000i\000t\000e\000r\000a\000t\000u\000r\000e\000\040\000R\000e\000v\000i\000e\000w}{section.1}% 4
\BOOKMARK [2][-]{subsection.1.4}{\376\377\000O\000u\000r\000\040\000W\000o\000r\000k}{section.1}% 5
\BOOKMARK [1][-]{section.2}{\376\377\000A\000s\000s\000u\000m\000p\000t\000i\000o\000n\000s\000\040\000a\000n\000d\000\040\000J\000u\000s\000t\000i\000f\000i\000c\000a\000t\000i\000o\000n}{}% 6
\BOOKMARK [1][-]{section.3}{\376\377\000N\000o\000t\000a\000t\000i\000o\000n\000s}{}% 7
\BOOKMARK [1][-]{section.4}{\376\377\000T\000h\000e\000\040\000C\000o\000n\000t\000i\000n\000u\000o\000u\000s\000-\000T\000i\000m\000e\000\040\000M\000o\000d\000e\000l\000\040}{}% 8
\BOOKMARK [2][-]{subsection.4.1}{\376\377\000E\000s\000t\000a\000b\000l\000i\000s\000h\000m\000e\000n\000t\000\040\000o\000f\000\040\000T\000h\000e\000\040\000M\000o\000d\000e\000l}{section.4}% 9
\BOOKMARK [3][-]{subsubsection.4.1.1}{\376\377\000M\000o\000d\000e\000l\000\040\000i\000:\000\040\000B\000a\000t\000t\000e\000r\000y\000\040\000E\000q\000u\000i\000v\000a\000l\000e\000n\000t\000\040\000C\000i\000r\000c\000u\000i\000t\000\040\000M\000o\000d\000e\000l}{subsection.4.1}% 10
\BOOKMARK [3][-]{subsubsection.4.1.2}{\376\377\000M\000o\000d\000e\000l\000\040\000i\000i\000:\000\040\000P\000o\000w\000e\000r\000\040\000L\000o\000a\000d\000\040\000M\000o\000d\000e\000l}{subsection.4.1}% 11
\BOOKMARK [3][-]{subsubsection.4.1.3}{\376\377\000M\000o\000d\000e\000l\000\040\000i\000i\000i\000:\000\040\000T\000h\000e\000r\000m\000o\000d\000y\000n\000a\000m\000i\000c\000\040\000M\000o\000d\000e\000l}{subsection.4.1}% 12
\BOOKMARK [3][-]{subsubsection.4.1.4}{\376\377\000M\000u\000l\000t\000i\000-\000p\000h\000y\000s\000i\000c\000s\000\040\000P\000a\000r\000a\000m\000e\000t\000e\000r\000\040\000C\000o\000u\000p\000l\000i\000n\000g}{subsection.4.1}% 13
\BOOKMARK [2][-]{subsection.4.2}{\376\377\000P\000a\000r\000a\000m\000e\000t\000e\000r\000\040\000I\000d\000e\000n\000t\000i\000f\000i\000c\000a\000t\000i\000o\000n}{section.4}% 14
\BOOKMARK [2][-]{subsection.4.3}{\376\377\000M\000o\000d\000e\000l\000\040\000V\000a\000l\000i\000d\000a\000t\000i\000o\000n}{section.4}% 15
\BOOKMARK [1][-]{section.5}{\376\377\000T\000i\000m\000e\000-\000t\000o\000-\000E\000m\000p\000t\000y\000\040\000P\000r\000e\000d\000i\000c\000t\000i\000o\000n\000\040\000M\000o\000d\000e\000l}{}% 16
\BOOKMARK [2][-]{subsection.5.1}{\376\377\000M\000o\000d\000e\000l\000\040\000E\000s\000t\000a\000b\000l\000i\000s\000h\000m\000e\000n\000t}{section.5}% 17
\BOOKMARK [3][-]{subsubsection.5.1.1}{\376\377\000S\000t\000a\000t\000e\000\040\000S\000p\000a\000c\000e\000\040\000M\000o\000d\000e\000l\000\040\000C\000o\000n\000s\000t\000r\000u\000c\000t\000i\000o\000n}{subsection.5.1}% 18
\BOOKMARK [3][-]{subsubsection.5.1.2}{\376\377\000B\000a\000t\000t\000e\000r\000y\000\040\000L\000i\000f\000e\000\040\000M\000o\000d\000e\000l}{subsection.5.1}% 19
\BOOKMARK [2][-]{subsection.5.2}{\376\377\000R\000e\000s\000u\000l\000t\000s\000\040\000A\000n\000a\000l\000y\000s\000i\000s}{section.5}% 20
\BOOKMARK [1][-]{section.6}{\376\377\000S\000e\000n\000s\000i\000t\000i\000v\000i\000t\000y\000\040\000A\000n\000a\000l\000y\000s\000i\000s}{}% 21
\BOOKMARK [2][-]{subsection.6.1}{\376\377\000T\000h\000e\000\040\000i\000m\000p\000a\000c\000t\000\040\000o\000f\000\040\000d\000i\000f\000f\000e\000r\000e\000n\000t\000\040\000e\000n\000v\000i\000r\000o\000n\000m\000e\000n\000t\000a\000l\000\040\000t\000e\000m\000p\000e\000r\000a\000t\000u\000r\000e\000s\000\040\000o\000n\000\040\000t\000h\000e\000\040\000b\000a\000t\000t\000e\000r\000y\000\040\000l\000i\000f\000e}{section.6}% 22
\BOOKMARK [2][-]{subsection.6.2}{\376\377\000T\000h\000e\000\040\000i\000m\000p\000a\000c\000t\000\040\000o\000f\000\040\000m\000o\000d\000e\000l\000\040\000c\000o\000e\000f\000f\000i\000c\000i\000e\000n\000t\000\040\0002\000\040\000o\000n\000\040\000t\000h\000e\000\040\000m\000o\000d\000e\000l}{section.6}% 23
\BOOKMARK [2][-]{subsection.6.3}{\376\377\000T\000h\000e\000\040\000i\000m\000p\000a\000c\000t\000\040\000o\000f\000\040\000s\000c\000r\000e\000e\000n\000\040\000b\000r\000i\000g\000h\000t\000n\000e\000s\000s\000\040\000o\000n\000\040\000b\000a\000t\000t\000e\000r\000y\000\040\000p\000e\000r\000f\000o\000r\000m\000a\000n\000c\000e}{section.6}% 24
\BOOKMARK [2][-]{subsection.6.4}{\376\377\000T\000h\000e\000\040\000i\000m\000p\000a\000c\000t\000\040\000o\000f\000\040\000n\000e\000t\000w\000o\000r\000k\000\040\000t\000h\000r\000o\000u\000g\000h\000p\000u\000t\000\040\000o\000n\000\040\000b\000a\000t\000t\000e\000r\000y\000\040\000p\000e\000r\000f\000o\000r\000m\000a\000n\000c\000e}{section.6}% 25
\BOOKMARK [2][-]{subsection.6.5}{\376\377\000I\000m\000p\000a\000c\000t\000\040\000o\000f\000\040\000T\000a\000s\000k\000\040\000F\000l\000u\000c\000t\000u\000a\000t\000i\000o\000n\000s\000\040\000o\000n\000\040\000t\000h\000e\000\040\000M\000o\000d\000e\000l}{section.6}% 26
\BOOKMARK [2][-]{subsection.6.6}{\376\377\000I\000m\000p\000a\000c\000t\000\040\000o\000f\000\040\000I\000n\000t\000e\000r\000n\000a\000l\000\040\000R\000e\000s\000i\000s\000t\000a\000n\000c\000e\000\040\000M\000o\000d\000e\000l\000\040\000o\000n\000\040\000S\000O\000H\000\040\000D\000e\000g\000r\000a\000d\000a\000t\000i\000o\000n\000\040\000P\000r\000e\000d\000i\000c\000t\000i\000o\000n}{section.6}% 27
\BOOKMARK [1][-]{section.7}{\376\377\000R\000e\000c\000o\000m\000m\000e\000n\000d\000a\000t\000i\000o\000n\000s}{}% 28
\BOOKMARK [2][-]{subsection.7.1}{\376\377\000S\000u\000g\000g\000e\000s\000t\000i\000o\000n\000s\000\040\000f\000o\000r\000\040\000U\000s\000e\000r\000\040\000U\000s\000a\000g\000e}{section.7}% 29
\BOOKMARK [2][-]{subsection.7.2}{\376\377\000S\000u\000g\000g\000e\000s\000t\000i\000o\000n\000s\000\040\000f\000o\000r\000\040\000t\000h\000e\000\040\000O\000S}{section.7}% 30
\BOOKMARK [1][-]{section.8}{\376\377\000M\000o\000d\000e\000l\000\040\000E\000v\000a\000l\000u\000a\000t\000i\000o\000n\000\040\000a\000n\000d\000\040\000F\000u\000r\000t\000h\000e\000r\000\040\000D\000i\000s\000c\000u\000s\000s\000i\000o\000n}{}% 31
\BOOKMARK [2][-]{subsection.8.1}{\376\377\000S\000t\000r\000e\000n\000g\000t\000h\000s}{section.8}% 32
\BOOKMARK [2][-]{subsection.8.2}{\376\377\000W\000e\000a\000k\000n\000e\000s\000s\000e\000s}{section.8}% 33
\BOOKMARK [1][-]{section.9}{\376\377\000C\000o\000n\000c\000l\000u\000s\000i\000o\000n}{}% 34
\BOOKMARK [1][-]{section.9}{\376\377\000R\000e\000f\000e\000r\000e\000n\000c\000e}{}% 35
